// Jest Snapshot v1, https://goo.gl/fbAQLP

exports[`Components / Table / PoolsPanel renders 1`] = `ShallowWrapper {}`;
