// Jest Snapshot v1, https://goo.gl/fbAQLP

exports[`Components / Button / Button renders 1`] = `ShallowWrapper {}`;
