// Jest Snapshot v1, https://goo.gl/fbAQLP

exports[`Components / Button / Radio renders 1`] = `ShallowWrapper {}`;
