// Jest Snapshot v1, https://goo.gl/fbAQLP

exports[`Components / Button / SwapButton renders 1`] = `ShallowWrapper {}`;
