// Jest Snapshot v1, https://goo.gl/fbAQLP

exports[`Components / Table / TransactionTable renders 1`] = `ShallowWrapper {}`;
