// Jest Snapshot v1, https://goo.gl/fbAQLP

exports[`Components / Dialog / Dialog renders 1`] = `ShallowWrapper {}`;
