// Jest Snapshot v1, https://goo.gl/fbAQLP

exports[`Components / Dialog / DialogTitle renders 1`] = `ShallowWrapper {}`;
