// Jest Snapshot v1, https://goo.gl/fbAQLP

exports[`Components / Input / Input renders 1`] = `ShallowWrapper {}`;
