// Jest Snapshot v1, https://goo.gl/fbAQLP

exports[`Components / Box / TokenBox renders 1`] = `ShallowWrapper {}`;
