// Jest Snapshot v1, https://goo.gl/fbAQLP

exports[`Components / ThemeSwitch / ThemeSwitch renders 1`] = `ShallowWrapper {}`;
