// Jest Snapshot v1, https://goo.gl/fbAQLP

exports[`Components / SwitchWithClider / SwitchWithClider renders 1`] = `ShallowWrapper {}`;
