// Jest Snapshot v1, https://goo.gl/fbAQLP

exports[`Components / Carousel / VerticalCarousel renders 1`] = `ShallowWrapper {}`;
