// Jest Snapshot v1, https://goo.gl/fbAQLP

exports[`Components / Slider / Slider renders 1`] = `ShallowWrapper {}`;
