// Jest Snapshot v1, https://goo.gl/fbAQLP

exports[`Components / Box / OverViewBox renders 1`] = `ShallowWrapper {}`;
