// Jest Snapshot v1, https://goo.gl/fbAQLP

exports[`Components / Box / StatBox renders 1`] = `ShallowWrapper {}`;
